Microchip MPLAB XC8 Compiler V3.00

Linker command line:

-W-3 \
  --edf=C:\Program Files\Microchip\xc8\v3.00\pic\dat\20241204225717_en.msgs \
  -cn -h+dist/default/production\car_black_box.X.production.sym \
  --cmf=dist/default/production\car_black_box.X.production.cmf -z -Q18F4580 \
  -oC:\Users\nmoge\AppData\Local\Temp\xcAsmhk.\driver_tmp_3.o \
  --defsym=__MPLAB_BUILD=1 --fixupoverflow=error \
  -Mdist/default/production/car_black_box.X.production.map \
  --md=C:\Users\nmoge\AppData\Local\Temp\xcAsmhk.\driver_tmp_0.dat -E1 \
  -ver=XC8 Compiler -ACODE=00h-03000h -ACONST=00h-03000h \
  -ASMALLCONST=0600h-06FFhx42,03000h-03000h -AMEDIUMCONST=0600h-03000h \
  -ACOMRAM=01h-05Fh -AABS1=00h-05FFh -ABIGRAM=01h-05FFh \
  -ARAM=060h-0FFh,0100h-01FFhx5 -ABANK0=060h-0FFh -ABANK1=0100h-01FFh \
  -ABANK2=0200h-02FFh -ABANK3=0300h-03FFh -ABANK4=0400h-04FFh \
  -ABANK5=0500h-05FFh -ASFR=0D00h-0DFFhx2,0F00h-0F5Fh,0F60h-0FFFh \
  -ABIGSFR=0D00h-0FFFh -ACONFIG=0300000h-030000Dh -AIDLOC=0200000h-0200007h \
  -AEEDATA=0F00000h-0F000FFh -peeprom_data=EEDATA \
  -preset_vec=00h,intcode=8h,intcodelo=18h,sivt_lo,sivt_hi=CODE \
  -ppowerup=CODE,init -pramtop=0600h -psmallconst=SMALLCONST \
  -pmediumconst=MEDIUMCONST -pconst=CONST -AFARRAM=00h-00h \
  -prdata=COMRAM,nvrram=COMRAM,nvbit=COMRAM,rbss=COMRAM,rbit=COMRAM \
  -pfarbss=FARRAM,fardata=FARRAM,nvFARRAM=FARRAM \
  -pintsave_regs=BIGRAM,bigbss=BIGRAM,bigdata=BIGRAM -pbss=RAM \
  -pidata=CODE,irdata=CODE,ibigdata=CODE,ifardata=CODE -prparam=COMRAM \
  C:\Users\nmoge\AppData\Local\Temp\xcAsmhk.\driver_tmp_9.o \
  dist/default/production\car_black_box.X.production.o 

Object code version is 3.11

Machine type is 18F4580



                Name                               Link     Load   Length Selector   Space Scale
C:\Users\nmoge\AppData\Local\Temp\xcAsmhk.\driver_tmp_9.o
                idloc                            200000   200000        8        0       5
                config                           300000   300000        E        0       4
                init                               2FFC     2FFC        4     17FE       0
                reset_vec                             0        0        4        0       0
dist/default/production\car_black_box.X.production.o
                idloc                            200000   200000        8        0       5
                config                           300000   300000        E        0       4
                mediumconst                        2F4C     2F4C       B0     17A6       0
                text42                             127C     127C       3A      93E       0
                text41                             1410     1410       6C      A08       0
                text40                             1614     1614       AA      B0A       0
                text39                             10F8     10F8       18      87C       0
                text38                             120E     120E       36      907       0
                text37                             109A     109A       12      84D       0
                text36                             216A     216A      2DC     10B5       0
                text35                             1110     1110       18      888       0
                text34                             1A98     1A98      108      D4C       0
                text33                             147C     147C       74      A3E       0
                text32                             1F28     1F28      242      F94       0
                text31                             105C     105C        6      82E       0
                text30                             10AC     10AC       12      856       0
                text29                             1062     1062        8      831       0
                text28                             1082     1082        C      841       0
                text27                             106A     106A        8      835       0
                text26                             1072     1072        8      839       0
                text25                             107A     107A        8      83D       0
                text24                             108E     108E        C      847       0
                text23                             11B4     11B4       2A      8DA       0
                text22                             14F0     14F0       7E      A78       0
                text21                             18D0     18D0       C2      C68       0
                text20                             1768     1768       AE      BB4       0
                text19                             13AA     13AA       66      9D5       0
                text18                             1128     1128       1E      894       0
                text17                             1244     1244       38      922       0
                text16                             16BE     16BE       AA      B5F       0
                text15                             2B56     2B56      3F6     15AB       0
                text14                             1D54     1D54      1D4      EAA       0
                text13                             27C6     27C6      390     13E3       0
                text12                             1992     1992      106      CC9       0
                text11                             1BA0     1BA0      1B4      DD0       0
                text10                             118C     118C       28      8C6       0
                text9                              11DE     11DE       30      8EF       0
                text8                              2446     2446      380     1223       0
                text7                              1166     1166       26      8B3       0
                text6                              156E     156E       A6      AB7       0
                text5                              10BE     10BE       12      85F       0
                text4                              12B6     12B6       48      95B       0
                text3                              10E2     10E2       16      871       0
                text2                              10D0     10D0       12      868       0
                text1                              1146     1146       20      8A3       0
                text0                              1816     1816       BA      C0B       0
                cstackCOMRAM                          1        1       3C        1       1
                dataBANK0                            60       60       58       60       1
                bssBANK0                             B8       B8       14       60       1
                dataCOMRAM                           5E       5E        1        1       1
                bssCOMRAM                            3D       3D       21        1       1
                cinit                              12FE     12FE       54      97F       0
                idataBANK0                         1352     1352       58     1352       0
                idataCOMRAM                        3000     3000        1     17FE       0

TOTAL           Name                               Link     Load   Length     Space
        CLASS   CODE           
                init                               2FFC     2FFC        4         0
                reset_vec                             0        0        4         0
                text42                             127C     127C       3A         0
                text41                             1410     1410       6C         0
                text40                             1614     1614       AA         0
                text39                             10F8     10F8       18         0
                text38                             120E     120E       36         0
                text37                             109A     109A       12         0
                text36                             216A     216A      2DC         0
                text35                             1110     1110       18         0
                text34                             1A98     1A98      108         0
                text33                             147C     147C       74         0
                text32                             1F28     1F28      242         0
                text31                             105C     105C        6         0
                text30                             10AC     10AC       12         0
                text29                             1062     1062        8         0
                text28                             1082     1082        C         0
                text27                             106A     106A        8         0
                text26                             1072     1072        8         0
                text25                             107A     107A        8         0
                text24                             108E     108E        C         0
                text23                             11B4     11B4       2A         0
                text22                             14F0     14F0       7E         0
                text21                             18D0     18D0       C2         0
                text20                             1768     1768       AE         0
                text19                             13AA     13AA       66         0
                text18                             1128     1128       1E         0
                text17                             1244     1244       38         0
                text16                             16BE     16BE       AA         0
                text15                             2B56     2B56      3F6         0
                text14                             1D54     1D54      1D4         0
                text13                             27C6     27C6      390         0
                text12                             1992     1992      106         0
                text11                             1BA0     1BA0      1B4         0
                text10                             118C     118C       28         0
                text9                              11DE     11DE       30         0
                text8                              2446     2446      380         0
                text7                              1166     1166       26         0
                text6                              156E     156E       A6         0
                text5                              10BE     10BE       12         0
                text4                              12B6     12B6       48         0
                text3                              10E2     10E2       16         0
                text2                              10D0     10D0       12         0
                text1                              1146     1146       20         0
                text0                              1816     1816       BA         0
                cinit                              12FE     12FE       54         0
                idataBANK0                         1352     1352       58         0
                idataCOMRAM                        3000     3000        1         0

        CLASS   CONST          

        CLASS   SMALLCONST     

        CLASS   MEDIUMCONST    
                mediumconst                        2F4C     2F4C       B0         0

        CLASS   COMRAM         
                cstackCOMRAM                          1        1       3C         1
                dataCOMRAM                           5E       5E        1         1
                bssCOMRAM                            3D       3D       21         1

        CLASS   ABS1           

        CLASS   BIGRAM         

        CLASS   RAM            

        CLASS   BANK0          
                dataBANK0                            60       60       58         1
                bssBANK0                             B8       B8       14         1

        CLASS   BANK1          

        CLASS   BANK2          

        CLASS   BANK3          

        CLASS   BANK4          

        CLASS   BANK5          

        CLASS   SFR            

        CLASS   BIGSFR         

        CLASS   CONFIG         
                config                           300000   300000        E         4

        CLASS   IDLOC          
                idloc                            200000   200000        8         5

        CLASS   EEDATA         

        CLASS   FARRAM         

        CLASS   HEAP           

        CLASS   STACK          



SEGMENTS        Name                           Load    Length   Top    Selector   Space  Class

                reset_vec                      000000  000004  000004         0       0  CODE    
                cstackCOMRAM                   000001  00005E  00005F         1       1  COMRAM  
                dataBANK0                      000060  00006C  0000CC        60       1  BANK0   
                text31                         00105C  000006  001062       82E       0  CODE    
                text29                         001062  000008  00106A       831       0  CODE    
                text27                         00106A  000008  001072       835       0  CODE    
                text26                         001072  000008  00107A       839       0  CODE    
                text25                         00107A  000008  001082       83D       0  CODE    
                text28                         001082  00000C  00108E       841       0  CODE    
                text24                         00108E  00000C  00109A       847       0  CODE    
                text37                         00109A  000012  0010AC       84D       0  CODE    
                text30                         0010AC  000012  0010BE       856       0  CODE    
                text5                          0010BE  000012  0010D0       85F       0  CODE    
                text2                          0010D0  000012  0010E2       868       0  CODE    
                text3                          0010E2  000016  0010F8       871       0  CODE    
                text39                         0010F8  000018  001110       87C       0  CODE    
                text35                         001110  000018  001128       888       0  CODE    
                text18                         001128  00001E  001146       894       0  CODE    
                text1                          001146  000020  001166       8A3       0  CODE    
                text7                          001166  000026  00118C       8B3       0  CODE    
                text10                         00118C  000028  0011B4       8C6       0  CODE    
                text23                         0011B4  00002A  0011DE       8DA       0  CODE    
                text9                          0011DE  000030  00120E       8EF       0  CODE    
                text38                         00120E  000036  001244       907       0  CODE    
                text17                         001244  000038  00127C       922       0  CODE    
                text42                         00127C  00003A  0012B6       93E       0  CODE    
                text4                          0012B6  000048  0012FE       95B       0  CODE    
                cinit                          0012FE  000054  001352       97F       0  CODE    
                idataBANK0                     001352  000058  0013AA      1352       0  CODE    
                text19                         0013AA  000066  001410       9D5       0  CODE    
                text41                         001410  00006C  00147C       A08       0  CODE    
                text33                         00147C  000074  0014F0       A3E       0  CODE    
                text22                         0014F0  00007E  00156E       A78       0  CODE    
                text6                          00156E  0000A6  001614       AB7       0  CODE    
                text40                         001614  0000AA  0016BE       B0A       0  CODE    
                text16                         0016BE  0000AA  001768       B5F       0  CODE    
                text20                         001768  0000AE  001816       BB4       0  CODE    
                text0                          001816  0000BA  0018D0       C0B       0  CODE    
                text21                         0018D0  0000C2  001992       C68       0  CODE    
                text12                         001992  000106  001A98       CC9       0  CODE    
                text34                         001A98  000108  001BA0       D4C       0  CODE    
                text11                         001BA0  0001B4  001D54       DD0       0  CODE    
                text14                         001D54  0001D4  001F28       EAA       0  CODE    
                text32                         001F28  000242  00216A       F94       0  CODE    
                text36                         00216A  0002DC  002446      10B5       0  CODE    
                text8                          002446  000380  0027C6      1223       0  CODE    
                text13                         0027C6  000390  002B56      13E3       0  CODE    
                text15                         002B56  0003F6  002F4C      15AB       0  CODE    
                mediumconst                    002F4C  0000B0  002FFC      17A6       0  MEDIUMCO
                init                           002FFC  000005  003001      17FE       0  CODE    


UNUSED ADDRESS RANGES

        Name                Unused          Largest block    Delta
        BANK0            0000CC-0000FF               34
        BANK1            000100-0001FF              100
        BANK2            000200-0002FF              100
        BANK3            000300-0003FF              100
        BANK4            000400-0004FF              100
        BANK5            000500-0005FF              100
        BIGRAM           00005F-00005F                1
                         0000CC-0005FF              534
        BIGSFR           000D00-000FFF              300
        CODE             000004-00105B             1058
        COMRAM           00005F-00005F                1
        CONST            000004-00105B             1058
        EEDATA           F00000-F000FF              100
        MEDIUMCONST      000600-00105B              A5C
        RAM              0000CC-0005FF              100
        SFR              000D00-000FFF              100
        SMALLCONST       000600-00105B              100

                                  Symbol Table

?___awdiv                      cstackCOMRAM 000001
?___awmod                      cstackCOMRAM 000001
?___fldiv                      cstackCOMRAM 000013
?___fltol                      cstackCOMRAM 00002C
?___xxtofl                     cstackCOMRAM 000005
?_read_adc                     cstackCOMRAM 000001
CLEAR_LOG@wait                 cstackCOMRAM 000006
CLEAR_LOG@wait_742             cstackCOMRAM 00000A
DOWNLOAD_LOG@wait              cstackCOMRAM 000006
DOWNLOAD_LOG@wait_693          cstackCOMRAM 00000A
DOWNLOAD_LOG@wait_696          cstackCOMRAM 00000E
DOWNLOAD_LOG@wait_697          cstackCOMRAM 000012
DOWNLOAD_LOG@wait_698          cstackCOMRAM 000016
DOWNLOAD_LOG@wait_704          cstackCOMRAM 00001A
DOWNLOAD_LOG@z                 cstackCOMRAM 00001E
VIEW_LOG@x                     cstackCOMRAM 00000D
_ACKDT                         (abs)        007E2D
_ACKEN                         (abs)        007E2C
_ACKSTAT                       (abs)        007E2E
_ACQT1                         (abs)        007E04
_ACQT2                         (abs)        007E05
_ADCON1                        (abs)        000FC1
_ADCS0                         (abs)        007E00
_ADCS1                         (abs)        007E01
_ADCS2                         (abs)        007E02
_ADFM                          (abs)        007E07
_ADON                          (abs)        007E10
_ADRESH                        (abs)        000FC4
_ADRESL                        (abs)        000FC3
_BCLIF                         (abs)        007D0B
_BRG16                         (abs)        007DC3
_BRGH                          (abs)        007D62
_CHS0                          (abs)        007E12
_CHS1                          (abs)        007E13
_CHS2                          (abs)        007E14
_CHS3                          (abs)        007E15
_CKE                           (abs)        007E3E
_CLEAR_LOG                     text40       001614
_CREN                          (abs)        007D5C
_DOWNLOAD_LOG                  text36       00216A
_EEADR                         (abs)        000FA9
_EECON1bits                    (abs)        000FA6
_EECON2                        (abs)        000FA7
_EEDATA                        (abs)        000FA8
_GIE                           (abs)        007F97
_GO                            (abs)        007E11
_MENU                          text32       001F28
_PCFG0                         (abs)        007E08
_PCFG1                         (abs)        007E09
_PCFG2                         (abs)        007E0A
_PCFG3                         (abs)        007E0B
_PEN                           (abs)        007E2A
_PIR2bits                      (abs)        000FA1
_PORTB                         (abs)        000F81
_PORTBbits                     (abs)        000F81
_PORTD                         (abs)        000F83
_RB5                           (abs)        007C0D
_RB6                           (abs)        007C0E
_RB7                           (abs)        007C0F
_RBPU                          (abs)        007F8F
_RC0                           (abs)        007C10
_RC1                           (abs)        007C11
_RC2                           (abs)        007C12
_RCEN                          (abs)        007E2B
_RCIF                          (abs)        007CF5
_RCREG                         (abs)        000FAE
_RD7                           (abs)        007C1F
_RSEN                          (abs)        007E29
_RX9                           (abs)        007D5E
_SEN                           (abs)        007E28
_SENDB                         (abs)        007D63
_SET_TIME                      text15       002B56
_SMP                           (abs)        007E3F
_SPBRG                         (abs)        000FAF
_SPEN                          (abs)        007D5F
_SSPADD                        (abs)        000FC8
_SSPBUF                        (abs)        000FC9
_SSPCON1                       (abs)        000FC6
_SSPIF                         (abs)        007CF3
_SYNC                          (abs)        007D64
_TRISB                         (abs)        000F93
_TRISC                         (abs)        000F94
_TRISC3                        (abs)        007CA3
_TRISC4                        (abs)        007CA4
_TRISC6                        (abs)        007CA6
_TRISC7                        (abs)        007CA7
_TRISD                         (abs)        000F95
_TRISD7                        (abs)        007CAF
_TX9                           (abs)        007D66
_TXEN                          (abs)        007D65
_TXIF                          (abs)        007CF4
_TXREG                         (abs)        000FAD
_VCFG0                         (abs)        007E0C
_VCFG1                         (abs)        007E0D
_VIEW_LOG                      text14       001D54
__HRAM                         (abs)        000000
__H__absolute__                __absolute__ 000000
__Habs1                        abs1         000000
__Hbank0                       bank0        000000
__Hbank1                       bank1        000000
__Hbank2                       bank2        000000
__Hbank3                       bank3        000000
__Hbank4                       bank4        000000
__Hbank5                       bank5        000000
__Hbigbss                      bigbss       000000
__Hbigdata                     bigdata      000000
__Hbigram                      bigram       000000
__Hbigsfr                      bigsfr       000000
__Hbss                         bss          000000
__HbssBANK0                    bssBANK0     000000
__HbssCOMRAM                   bssCOMRAM    000000
__Hcinit                       cinit        000000
__Hclrtext                     clrtext      000000
__Hcomram                      comram       000000
__Hconfig                      config       30000E
__Hconst                       const        000000
__HcstackCOMRAM                cstackCOMRAM 000000
__Hdata                        data         000000
__HdataBANK0                   dataBANK0    000000
__HdataCOMRAM                  dataCOMRAM   000000
__Heeprom_data                 eeprom_data  000000
__Hfarbss                      farbss       000000
__Hfardata                     fardata      000000
__Hheap                        heap         000000
__Hibigdata                    ibigdata     000000
__Hidata                       idata        000000
__HidataBANK0                  idataBANK0   000000
__HidataCOMRAM                 idataCOMRAM  000000
__Hidloc                       idloc        200008
__Hifardata                    ifardata     000000
__Hinit                        init         003000
__Hintcode                     intcode      000008
__Hintcode_body                intcode_body 000000
__Hintcodelo                   intcodelo    000018
__Hintentry                    intentry     000000
__Hintret                      intret       000000
__Hintsave_regs                intsave_regs 000000
__Hirdata                      irdata       000000
__Hmediumconst                 mediumconst  002FFC
__HnvFARRAM                    nvFARRAM     000000
__Hnvbit                       nvbit        000000
__Hnvrram                      nvrram       000000
__Hparam                       rparam       000000
__Hpowerup                     powerup      000000
__Hram                         ram          000000
__Hramtop                      ramtop       000600
__Hrbit                        rbit         000000
__Hrbss                        rbss         000000
__Hrdata                       rdata        000000
__Hreset_vec                   reset_vec    000004
__Hrparam                      rparam       000000
__Hsfr                         sfr          000000
__Hsivt_hi                     sivt_hi      000000
__Hsivt_lo                     sivt_lo      000018
__Hsmallconst                  smallconst   000000
__Hspace_0                     (abs)        003001
__Hspace_1                     (abs)        0000CC
__Hspace_2                     (abs)        000000
__Hspace_4                     (abs)        60000E
__Hstack                       stack        000000
__Hstruct                      struct       000000
__Htemp                        temp         000000
__Htext                        text         000000
__Htext0                       text0        000000
__Htext1                       text1        000000
__Htext10                      text10       000000
__Htext11                      text11       000000
__Htext12                      text12       000000
__Htext13                      text13       000000
__Htext14                      text14       000000
__Htext15                      text15       000000
__Htext16                      text16       000000
__Htext17                      text17       000000
__Htext18                      text18       000000
__Htext19                      text19       000000
__Htext2                       text2        000000
__Htext20                      text20       000000
__Htext21                      text21       000000
__Htext22                      text22       000000
__Htext23                      text23       000000
__Htext24                      text24       000000
__Htext25                      text25       000000
__Htext26                      text26       000000
__Htext27                      text27       000000
__Htext28                      text28       000000
__Htext29                      text29       000000
__Htext3                       text3        000000
__Htext30                      text30       000000
__Htext31                      text31       000000
__Htext32                      text32       000000
__Htext33                      text33       000000
__Htext34                      text34       000000
__Htext35                      text35       000000
__Htext36                      text36       000000
__Htext37                      text37       000000
__Htext38                      text38       000000
__Htext39                      text39       000000
__Htext4                       text4        000000
__Htext40                      text40       000000
__Htext41                      text41       000000
__Htext42                      text42       000000
__Htext5                       text5        000000
__Htext6                       text6        000000
__Htext7                       text7        000000
__Htext8                       text8        000000
__Htext9                       text9        000000
__LRAM                         (abs)        000001
__L__absolute__                __absolute__ 000000
__Labs1                        abs1         000000
__Lbank0                       bank0        000000
__Lbank1                       bank1        000000
__Lbank2                       bank2        000000
__Lbank3                       bank3        000000
__Lbank4                       bank4        000000
__Lbank5                       bank5        000000
__Lbigbss                      bigbss       000000
__Lbigdata                     bigdata      000000
__Lbigram                      bigram       000000
__Lbigsfr                      bigsfr       000000
__Lbss                         bss          000000
__LbssBANK0                    bssBANK0     000000
__LbssCOMRAM                   bssCOMRAM    000000
__Lcinit                       cinit        000000
__Lclrtext                     clrtext      000000
__Lcomram                      comram       000000
__Lconfig                      config       000000
__Lconst                       const        000000
__LcstackCOMRAM                cstackCOMRAM 000000
__Ldata                        data         000000
__LdataBANK0                   dataBANK0    000000
__LdataCOMRAM                  dataCOMRAM   000000
__Leeprom_data                 eeprom_data  000000
__Lfarbss                      farbss       000000
__Lfardata                     fardata      000000
__Lheap                        heap         000000
__Libigdata                    ibigdata     000000
__Lidata                       idata        000000
__LidataBANK0                  idataBANK0   000000
__LidataCOMRAM                 idataCOMRAM  000000
__Lidloc                       idloc        000000
__Lifardata                    ifardata     000000
__Linit                        init         002FFC
__Lintcode                     intcode      000008
__Lintcode_body                intcode_body 000000
__Lintcodelo                   intcodelo    000018
__Lintentry                    intentry     000000
__Lintret                      intret       000000
__Lintsave_regs                intsave_regs 000000
__Lirdata                      irdata       000000
__Lmediumconst                 mediumconst  002F4C
__LnvFARRAM                    nvFARRAM     000000
__Lnvbit                       nvbit        000000
__Lnvrram                      nvrram       000000
__Lparam                       rparam       000000
__Lpowerup                     powerup      000000
__Lram                         ram          000000
__Lramtop                      ramtop       000600
__Lrbit                        rbit         000000
__Lrbss                        rbss         000000
__Lrdata                       rdata        000000
__Lreset_vec                   reset_vec    000000
__Lrparam                      rparam       000000
__Lsfr                         sfr          000000
__Lsivt_hi                     sivt_hi      000000
__Lsivt_lo                     sivt_lo      000018
__Lsmallconst                  smallconst   000000
__Lspace_0                     (abs)        000000
__Lspace_1                     (abs)        000000
__Lspace_2                     (abs)        000000
__Lspace_4                     (abs)        000000
__Lstack                       stack        000000
__Lstruct                      struct       000000
__Ltemp                        temp         000000
__Ltext                        text         000000
__Ltext0                       text0        000000
__Ltext1                       text1        000000
__Ltext10                      text10       000000
__Ltext11                      text11       000000
__Ltext12                      text12       000000
__Ltext13                      text13       000000
__Ltext14                      text14       000000
__Ltext15                      text15       000000
__Ltext16                      text16       000000
__Ltext17                      text17       000000
__Ltext18                      text18       000000
__Ltext19                      text19       000000
__Ltext2                       text2        000000
__Ltext20                      text20       000000
__Ltext21                      text21       000000
__Ltext22                      text22       000000
__Ltext23                      text23       000000
__Ltext24                      text24       000000
__Ltext25                      text25       000000
__Ltext26                      text26       000000
__Ltext27                      text27       000000
__Ltext28                      text28       000000
__Ltext29                      text29       000000
__Ltext3                       text3        000000
__Ltext30                      text30       000000
__Ltext31                      text31       000000
__Ltext32                      text32       000000
__Ltext33                      text33       000000
__Ltext34                      text34       000000
__Ltext35                      text35       000000
__Ltext36                      text36       000000
__Ltext37                      text37       000000
__Ltext38                      text38       000000
__Ltext39                      text39       000000
__Ltext4                       text4        000000
__Ltext40                      text40       000000
__Ltext41                      text41       000000
__Ltext42                      text42       000000
__Ltext5                       text5        000000
__Ltext6                       text6        000000
__Ltext7                       text7        000000
__Ltext8                       text8        000000
__Ltext9                       text9        000000
__S0                           (abs)        003001
__S1                           (abs)        0000CC
__S4                           (abs)        000000
__S5                           (abs)        000000
___awdiv                       text21       0018D0
___awdiv@counter               cstackCOMRAM 000005
___awdiv@dividend              cstackCOMRAM 000001
___awdiv@divisor               cstackCOMRAM 000003
___awdiv@quotient              cstackCOMRAM 000007
___awdiv@sign                  cstackCOMRAM 000006
___awmod                       text20       001768
___awmod@counter               cstackCOMRAM 000005
___awmod@dividend              cstackCOMRAM 000001
___awmod@divisor               cstackCOMRAM 000003
___awmod@sign                  cstackCOMRAM 000006
___fldiv                       text13       0027C6
___fldiv@a                     cstackCOMRAM 000017
___fldiv@aexp                  cstackCOMRAM 00002B
___fldiv@b                     cstackCOMRAM 000013
___fldiv@bexp                  cstackCOMRAM 00002A
___fldiv@grs                   cstackCOMRAM 000026
___fldiv@new_exp               cstackCOMRAM 000024
___fldiv@rem                   cstackCOMRAM 00001F
___fldiv@sign                  cstackCOMRAM 000023
___fltol                       text12       001992
___fltol@exp1                  cstackCOMRAM 000035
___fltol@f1                    cstackCOMRAM 00002C
___fltol@sign1                 cstackCOMRAM 000034
___heap_hi                     (abs)        000000
___heap_lo                     (abs)        000000
___inthi_sp                    stack        000000
___inthi_stack_hi              stack        000000
___inthi_stack_lo              stack        000000
___intlo_sp                    stack        000000
___intlo_stack_hi              stack        000000
___intlo_stack_lo              stack        000000
___param_bank                  (abs)        000000
___rparam_used                 (abs)        000001
___sp                          stack        000000
___stack_hi                    stack        000000
___stack_lo                    stack        000000
___xxtofl                      text11       001BA0
___xxtofl@arg                  cstackCOMRAM 00000F
___xxtofl@exp                  cstackCOMRAM 00000E
___xxtofl@sign                 cstackCOMRAM 00000D
___xxtofl@val                  cstackCOMRAM 000005
__accesstop                    (abs)        000060
__activetblptr                 (abs)        000002
__end_of_CLEAR_LOG             text40       0016BE
__end_of_DOWNLOAD_LOG          text36       002446
__end_of_MENU                  text32       00216A
__end_of_SET_TIME              text15       002F4C
__end_of_VIEW_LOG              text14       001F28
__end_of___awdiv               text21       001992
__end_of___awmod               text20       001816
__end_of___fldiv               text13       002B56
__end_of___fltol               text12       001A98
__end_of___xxtofl              text11       001D54
__end_of__initialization       cinit        001348
__end_of_clcd_print            text41       00147C
__end_of_clcd_putch            text35       001128
__end_of_clcd_write            text42       0012B6
__end_of_convert_to_bcd        text19       001410
__end_of_dash_board            text8        0027C6
__end_of_get_time              text22       00156E
__end_of_i2c_idle              text30       0010BE
__end_of_i2c_no_ack            text31       001062
__end_of_i2c_read              text28       00108E
__end_of_i2c_rep_start         text27       001072
__end_of_i2c_rx_mode           text29       00106A
__end_of_i2c_start             text26       00107A
__end_of_i2c_stop              text25       001082
__end_of_i2c_write             text24       00109A
__end_of_init_adc              text7        00118C
__end_of_init_clcd             text6        001614
__end_of_init_config           text5        0010D0
__end_of_init_ds1307           text4        0012FE
__end_of_init_i2c              text3        0010F8
__end_of_init_matrix_keypad    text2        0010E2
__end_of_init_uart             text1        001166
__end_of_main                  text0        0018D0
__end_of_putch                 text39       001110
__end_of_puts                  text38       001244
__end_of_read_adc              text10       0011B4
__end_of_read_ds1307           text23       0011DE
__end_of_read_internal_eeprom  text37       0010AC
__end_of_read_switches         text33       0014F0
__end_of_save_in_rtc           text17       00127C
__end_of_scan_key              text34       001BA0
__end_of_set                   text16       001768
__end_of_write_ds1307          text18       001146
__end_of_write_internal_eeprom text9        00120E
__initialization               cinit        0012FE
__mediumconst                  mediumconst  002F4C
__pbssBANK0                    bssBANK0     0000B8
__pbssCOMRAM                   bssCOMRAM    00003D
__pcinit                       cinit        0012FE
__pcstackCOMRAM                cstackCOMRAM 000001
__pdataBANK0                   dataBANK0    000060
__pdataCOMRAM                  dataCOMRAM   00005E
__pidataBANK0                  idataBANK0   001352
__pidataCOMRAM                 idataCOMRAM  003000
__pmediumconst                 mediumconst  002F4C
__ptext0                       text0        001816
__ptext1                       text1        001146
__ptext10                      text10       00118C
__ptext11                      text11       001BA0
__ptext12                      text12       001992
__ptext13                      text13       0027C6
__ptext14                      text14       001D54
__ptext15                      text15       002B56
__ptext16                      text16       0016BE
__ptext17                      text17       001244
__ptext18                      text18       001128
__ptext19                      text19       0013AA
__ptext2                       text2        0010D0
__ptext20                      text20       001768
__ptext21                      text21       0018D0
__ptext22                      text22       0014F0
__ptext23                      text23       0011B4
__ptext24                      text24       00108E
__ptext25                      text25       00107A
__ptext26                      text26       001072
__ptext27                      text27       00106A
__ptext28                      text28       001082
__ptext29                      text29       001062
__ptext3                       text3        0010E2
__ptext30                      text30       0010AC
__ptext31                      text31       00105C
__ptext32                      text32       001F28
__ptext33                      text33       00147C
__ptext34                      text34       001A98
__ptext35                      text35       001110
__ptext36                      text36       00216A
__ptext37                      text37       00109A
__ptext38                      text38       00120E
__ptext39                      text39       0010F8
__ptext4                       text4        0012B6
__ptext40                      text40       001614
__ptext41                      text41       001410
__ptext42                      text42       00127C
__ptext5                       text5        0010BE
__ptext6                       text6        00156E
__ptext7                       text7        001166
__ptext8                       text8        002446
__ptext9                       text9        0011DE
__ramtop                       ramtop       000600
__smallconst                   mediumconst  002F4C
_arr                           bssBANK0     0000B8
_clcd_print                    text41       001410
_clcd_putch                    text35       001110
_clcd_write                    text42       00127C
_clock_reg                     bssCOMRAM    000046
_convert_to_bcd                text19       0013AA
_dash_board                    text8        002446
_delay1                        bssBANK0     0000C6
_delay2                        bssBANK0     0000C4
_event                         dataBANK0    000094
_event_index                   bssCOMRAM    000059
_extract                       bssBANK0     0000C2
_field                         bssCOMRAM    000051
_flag                          bssCOMRAM    00005C
_get_time                      text22       0014F0
_hr                            bssCOMRAM    00004D
_i2c_idle                      text30       0010AC
_i2c_no_ack                    text31       00105C
_i2c_read                      text28       001082
_i2c_rep_start                 text27       00106A
_i2c_rx_mode                   text29       001062
_i2c_start                     text26       001072
_i2c_stop                      text25       00107A
_i2c_write                     text24       00108E
_init_adc                      text7        001166
_init_clcd                     text6        00156E
_init_config                   text5        0010BE
_init_ds1307                   text4        0012B6
_init_i2c                      text3        0010E2
_init_matrix_keypad            text2        0010D0
_init_uart                     text1        001146
_key                           bssCOMRAM    00005D
_lap                           bssCOMRAM    000057
_main                          text0        001816
_menu_arr                      dataBANK0    000060
_menu_index                    bssCOMRAM    000055
_min                           bssCOMRAM    00004B
_putch                         text39       0010F8
_puts                          text38       00120E
_read_adc                      text10       00118C
_read_ds1307                   text23       0011B4
_read_internal_eeprom          text37       00109A
_read_switches                 text33       00147C
_save_flag                     bssBANK0     0000C8
_save_in_rtc                   text17       001244
_scan_key                      text34       001A98
_sec                           bssCOMRAM    000049
_set                           text16       0016BE
_sl_no                         bssCOMRAM    000053
_star_flag                     bssBANK0     0000CA
_t                             dataBANK0    0000AF
_time                          bssCOMRAM    00003D
_toggle                        bssCOMRAM    00004F
_write_ds1307                  text18       001128
_write_internal_eeprom         text9        0011DE
clcd_print@addr                cstackCOMRAM 000005
clcd_print@data                cstackCOMRAM 000003
clcd_putch@addr                cstackCOMRAM 000009
clcd_putch@data                cstackCOMRAM 00000A
clcd_write@byte                cstackCOMRAM 000002
clcd_write@control_bit         cstackCOMRAM 000001
convert_to_bcd@num             cstackCOMRAM 00000C
convert_to_bcd@result          cstackCOMRAM 00000A
convert_to_bcd@shift           cstackCOMRAM 00000B
dash_board@duty_cycle          cstackCOMRAM 000039
dash_board@i                   cstackCOMRAM 00003B
dash_board@x                   cstackCOMRAM 000037
end_of_initialization          cinit        001348
i2c_write@data                 cstackCOMRAM 000001
init_ds1307@dummy              cstackCOMRAM 000004
intlevel0                      text         000000
intlevel1                      text         000000
intlevel2                      text         000000
intlevel3                      text         000000
isa$std                        (abs)        000001
isa$xinst                      (abs)        000000
putch@byte                     cstackCOMRAM 000001
puts@s                         cstackCOMRAM 000002
read_ds1307@address            cstackCOMRAM 000002
read_ds1307@data               cstackCOMRAM 000003
read_internal_eeprom@address   cstackCOMRAM 000001
read_switches@detection_type   cstackCOMRAM 000001
read_switches@key              bssCOMRAM    00005B
read_switches@once             dataCOMRAM   00005E
save_in_rtc@hh                 cstackCOMRAM 000015
save_in_rtc@hr                 cstackCOMRAM 00000D
save_in_rtc@min                cstackCOMRAM 00000F
save_in_rtc@mm                 cstackCOMRAM 000014
save_in_rtc@sec                cstackCOMRAM 000011
save_in_rtc@ss                 cstackCOMRAM 000013
stackhi                        (abs)        000000
stacklo                        (abs)        000000
start                          init         002FFC
start_initialization           cinit        0012FE
write_ds1307@address           cstackCOMRAM 000003
write_ds1307@data              cstackCOMRAM 000002
write_internal_eeprom@address  cstackCOMRAM 000003
write_internal_eeprom@data     cstackCOMRAM 000002


MODULE INFORMATION

Module		Function		Class		Link	Load	Size
download_log.c
		_DOWNLOAD_LOG  		CODE           	216A	0000	732

download_log.c estimated size: 732

matrix_keypad.c
		_init_matrix_keypad		CODE           	10D0	0000	18
		_read_switches 		CODE           	147C	0000	116
		_scan_key      		CODE           	1A98	0000	264

matrix_keypad.c estimated size: 398

uart.c
		_putch         		CODE           	10F8	0000	24
		_init_uart     		CODE           	1146	0000	32
		_puts          		CODE           	120E	0000	54

uart.c estimated size: 110

i2c.c
		_i2c_start     		CODE           	1072	0000	8
		_i2c_no_ack    		CODE           	105C	0000	6
		_i2c_rep_start 		CODE           	106A	0000	8
		_i2c_idle      		CODE           	10AC	0000	18
		_i2c_write     		CODE           	108E	0000	12
		_i2c_stop      		CODE           	107A	0000	8
		_i2c_read      		CODE           	1082	0000	12
		_init_i2c      		CODE           	10E2	0000	22
		_i2c_rx_mode   		CODE           	1062	0000	8

i2c.c estimated size: 102

dashboard_func.c
		_dash_board    		CODE           	2446	0000	896

dashboard_func.c estimated size: 896

ds1307.c
		_read_ds1307   		CODE           	11B4	0000	42
		_write_ds1307  		CODE           	1128	0000	30
		_init_ds1307   		CODE           	12B6	0000	72

ds1307.c estimated size: 144

eeprom.c
		_read_internal_eeprom		CODE           	109A	0000	18
		_write_internal_eeprom		CODE           	11DE	0000	48

eeprom.c estimated size: 66

C:\Program Files\Microchip\xc8\v3.00\pic\sources\c99\common\awmod.c
		___awmod       		CODE           	1768	0000	174

C:\Program Files\Microchip\xc8\v3.00\pic\sources\c99\common\awmod.c estimated size: 174

get_time.c
		_convert_to_bcd		CODE           	13AA	0000	102
		_save_in_rtc   		CODE           	1244	0000	56
		_set           		CODE           	16BE	0000	170
		_get_time      		CODE           	14F0	0000	126
		_SET_TIME      		CODE           	2B56	0000	1014

get_time.c estimated size: 1468

clear_log.c
		_CLEAR_LOG     		CODE           	1614	0000	170

clear_log.c estimated size: 170

C:\Program Files\Microchip\xc8\v3.00\pic\sources\c99\common\sprcdiv.c
		___fldiv       		CODE           	27C6	0000	912

C:\Program Files\Microchip\xc8\v3.00\pic\sources\c99\common\sprcdiv.c estimated size: 912

init_adc.c
		_init_adc      		CODE           	1166	0000	38
		_read_adc      		CODE           	118C	0000	40

init_adc.c estimated size: 78

shared
		__initialization		CODE           	12FE	0000	74

shared estimated size: 74

clcd.c
		_clcd_write    		CODE           	127C	0000	58
		_clcd_print    		CODE           	1410	0000	108
		_clcd_putch    		CODE           	1110	0000	24
		_init_clcd     		CODE           	156E	0000	166

clcd.c estimated size: 356

C:\Program Files\Microchip\xc8\v3.00\pic\sources\c99\common\xxtofl.c
		___xxtofl      		CODE           	1BA0	0000	436

C:\Program Files\Microchip\xc8\v3.00\pic\sources\c99\common\xxtofl.c estimated size: 436

C:\Program Files\Microchip\xc8\v3.00\pic\sources\c99\common\awdiv.c
		___awdiv       		CODE           	18D0	0000	194

C:\Program Files\Microchip\xc8\v3.00\pic\sources\c99\common\awdiv.c estimated size: 194

C:\Program Files\Microchip\xc8\v3.00\pic\sources\c99\common\fltol.c
		___fltol       		CODE           	1992	0000	262

C:\Program Files\Microchip\xc8\v3.00\pic\sources\c99\common\fltol.c estimated size: 262

main.c
		_main          		CODE           	1816	0000	186
		_init_config   		CODE           	10BE	0000	18

main.c estimated size: 204

view_log.c
		_VIEW_LOG      		CODE           	1D54	0000	468

view_log.c estimated size: 468

menu_func.c
		_MENU          		CODE           	1F28	0000	578

menu_func.c estimated size: 578

